// Jest Snapshot v1, https://goo.gl/fbAQLP

exports[`renders correctly 1`] = `
<div
  className="app"
>
  <div
    className="navbar"
  >
    <h1>
      Math Magicians
    </h1>
    <div
      className="nav"
    >
      <a
        href="/"
        onClick={[Function]}
      >
        Home 
      </a>
      <a
        href="/App"
        onClick={[Function]}
      >
        Calculator 
      </a>
      <a
        href="/Quote"
        onClick={[Function]}
      >
        Quote 
      </a>
    </div>
  </div>
  <div
    className="Display"
  >
    O
  </div>
  <div
    className="group1"
  >
    <button
      onClick={[Function]}
      style={
        Object {
          "backgroundColor": "lightgrey",
          "width": "10%",
        }
      }
      type="button"
      value="AC"
    >
      AC
    </button>
    <button
      onClick={[Function]}
      style={
        Object {
          "backgroundColor": "lightgrey",
          "width": "10%",
        }
      }
      type="button"
      value="+/-"
    >
      +/-
    </button>
    <button
      onClick={[Function]}
      style={
        Object {
          "backgroundColor": "lightgrey",
          "width": "10%",
        }
      }
      type="button"
      value="%"
    >
      %
    </button>
    <button
      onClick={[Function]}
      style={
        Object {
          "backgroundColor": "orange",
          "width": "10%",
        }
      }
      type="button"
      value="/"
    >
      /
    </button>
  </div>
  <div
    className="group1"
  >
    <button
      onClick={[Function]}
      style={
        Object {
          "backgroundColor": "lightgrey",
          "width": "10%",
        }
      }
      type="button"
      value="7"
    >
      7
    </button>
    <button
      onClick={[Function]}
      style={
        Object {
          "backgroundColor": "lightgrey",
          "width": "10%",
        }
      }
      type="button"
      value="8"
    >
      8
    </button>
    <button
      onClick={[Function]}
      style={
        Object {
          "backgroundColor": "lightgrey",
          "width": "10%",
        }
      }
      type="button"
      value="9"
    >
      9
    </button>
    <button
      onClick={[Function]}
      style={
        Object {
          "backgroundColor": "orange",
          "width": "10%",
        }
      }
      type="button"
      value="X"
    >
      X
    </button>
  </div>
  <div
    className="group1"
  >
    <button
      onClick={[Function]}
      style={
        Object {
          "backgroundColor": "lightgrey",
          "width": "10%",
        }
      }
      type="button"
      value="4"
    >
      4
    </button>
    <button
      onClick={[Function]}
      style={
        Object {
          "backgroundColor": "lightgrey",
          "width": "10%",
        }
      }
      type="button"
      value="5"
    >
      5
    </button>
    <button
      onClick={[Function]}
      style={
        Object {
          "backgroundColor": "lightgrey",
          "width": "10%",
        }
      }
      type="button"
      value="6"
    >
      6
    </button>
    <button
      onClick={[Function]}
      style={
        Object {
          "backgroundColor": "orange",
          "width": "10%",
        }
      }
      type="button"
      value="-"
    >
      -
    </button>
  </div>
  <div
    className="group1"
  >
    <button
      onClick={[Function]}
      style={
        Object {
          "backgroundColor": "lightgrey",
          "width": "10%",
        }
      }
      type="button"
      value="1"
    >
      1
    </button>
    <button
      onClick={[Function]}
      style={
        Object {
          "backgroundColor": "lightgrey",
          "width": "10%",
        }
      }
      type="button"
      value="2"
    >
      2
    </button>
    <button
      onClick={[Function]}
      style={
        Object {
          "backgroundColor": "lightgrey",
          "width": "10%",
        }
      }
      type="button"
      value="3"
    >
      3
    </button>
    <button
      onClick={[Function]}
      style={
        Object {
          "backgroundColor": "orange",
          "width": "10%",
        }
      }
      type="button"
      value="+"
    >
      +
    </button>
  </div>
  <div
    className="group1"
  >
    <button
      onClick={[Function]}
      style={
        Object {
          "backgroundColor": "lightgrey",
          "width": "20%",
        }
      }
      type="button"
      value="0"
    >
      0
    </button>
    <button
      onClick={[Function]}
      style={
        Object {
          "backgroundColor": "lightgrey",
          "width": "10%",
        }
      }
      type="button"
      value="."
    >
      .
    </button>
    <button
      onClick={[Function]}
      style={
        Object {
          "backgroundColor": "orange",
          "width": "10%",
        }
      }
      type="button"
      value="="
    >
      =
    </button>
  </div>
</div>
`;
